projects/amazon-trend-analyzer/qb_chunks/page_692_skip692000.csv
ASIN Buyability Flag,asin_status,CVR%,revenue,asp,units,gv,Images #,Videos #,Has A+ Content,Buybox Winner,Average Rating,Number of Ratings,bb_price,Ad CTR%,Ad CVR%,bsr,brand,Ad CPC$,ASIN (Description),Update Type,Sold By Amazon,Has Coupon?,Has Store Link?,In Stock Today?,category,Sellable On Hand Units,asin,date,Ad Cost,Ad Sales,Ad Clicks,Ad Impressions,Ad Conversions
In Stock,ACTIVE,0.063,50.0,12.53,4.0,64.0,6.0,0.0,False,,4.5,27.0,12.77,0.01576576576576576,0.0,90.0,Biosilk,3.941428571428571,B0DRTQZR4T (Biosilk for Dogs Silk Therapy Irresistible Deodorizing & Conditioning Spray),[],True,True,True,True,Grooming,79.0,B0DRTQZR4T,2025-06-05,27.59,0.0,7.0,444.0,0.0
In Stock,ACTIVE,0.182,77.0,12.89,6.0,33.0,6.0,0.0,False,,4.4,26.0,12.95,0.0110041265474553,0.75,88.0,Biosilk,2.7825,B0DRTQZR4T (Biosilk for Dogs Silk Therapy Irresistible Deodorizing & Conditioning Spray),[],True,True,True,True,Grooming,77.0,B0DRTQZR4T,2025-06-04,22.26,67.52,8.0,727.0,6.0
In Stock,ACTIVE,0.146,78.0,12.94,6.0,41.0,6.0,0.0,False,,4.4,26.0,12.95,0.01291989664082687,0.4,98.0,Biosilk,3.387,B0DRTQZR4T (Biosilk for Dogs Silk Therapy Irresistible Deodorizing & Conditioning Spray),[],True,True,True,True,Grooming,98.0,B0DRTQZR4T,2025-06-03,33.87,49.69,10.0,774.0,4.0
In Stock,ACTIVE,0.069,52.0,12.95,4.0,58.0,6.0,0.0,False,,4.4,25.0,12.94,0.01112140871177016,0.0,74.0,Biosilk,2.883333333333333,B0DRTQZR4T (Biosilk for Dogs Silk Therapy Irresistible Deodorizing & Conditioning Spray),[],True,True,True,True,Grooming,114.0,B0DRTQZR4T,2025-06-02,34.6,0.0,12.0,1079.0,0.0
In Stock,ACTIVE,0.019,13.0,12.94,1.0,54.0,6.0,0.0,False,,4.4,25.0,13.05,0.02694610778443114,0.1111111111111111,94.0,Biosilk,3.063333333333333,B0DRTQZR4T (Biosilk for Dogs Silk Therapy Irresistible Deodorizing & Conditioning Spray),[],True,True,True,True,Grooming,97.0,B0DRTQZR4T,2025-06-01,27.57,12.94,9.0,334.0,1.0
In Stock,ACTIVE,0.075,52.0,13.05,4.0,53.0,6.0,0.0,False,,4.4,25.0,13.04,0.02013422818791946,0.3333333333333333,79.0,Biosilk,2.536666666666667,B0DRTQZR4T (Biosilk for Dogs Silk Therapy Irresistible Deodorizing & Conditioning Spray),[],True,True,True,True,Grooming,96.0,B0DRTQZR4T,2025-05-31,22.83,29.89,9.0,447.0,3.0
In Stock,ACTIVE,0.034,26.0,13.04,2.0,58.0,6.0,0.0,False,,4.4,24.0,13.03,0.01453957996768982,0.2222222222222222,73.0,Biosilk,3.21,B0DRTQZR4T (Biosilk for Dogs Silk Therapy Irresistible Deodorizing & Conditioning Spray),[],True,True,True,True,Grooming,104.0,B0DRTQZR4T,2025-05-30,28.89,24.78,9.0,619.0,2.0
In Stock,ACTIVE,0.09300000000000001,65.0,13.02,5.0,54.0,6.0,0.0,False,,4.4,23.0,13.03,0.009861932938856016,0.0,83.0,Biosilk,3.01,B0DRTQZR4T (Biosilk for Dogs Silk Therapy Irresistible Deodorizing & Conditioning Spray),[],True,True,True,True,Grooming,102.0,B0DRTQZR4T,2025-05-29,15.05,0.0,5.0,507.0,0.0
In Stock,ACTIVE,0.061,52.0,13.03,4.0,66.0,6.0,0.0,False,,4.3,22.0,13.35,0.01773835920177384,0.25,95.0,Biosilk,2.76375,B0DRTQZR4T (Biosilk for Dogs Silk Therapy Irresistible Deodorizing & Conditioning Spray),[],True,True,True,True,Grooming,99.0,B0DRTQZR4T,2025-05-28,22.11,26.06,8.0,451.0,2.0
In Stock,ACTIVE,0.09300000000000001,53.0,13.35,4.0,43.0,6.0,0.0,False,,4.3,21.0,13.34,0.009107468123861567,0.4,95.0,Biosilk,1.618,B0DRTQZR4T (Biosilk for Dogs Silk Therapy Irresistible Deodorizing & Conditioning Spray),[],True,True,True,True,Grooming,97.0,B0DRTQZR4T,2025-05-27,8.09,22.27,5.0,549.0,2.0
In Stock,ACTIVE,0.128,67.0,13.34,5.0,39.0,6.0,0.0,False,,4.3,20.0,13.33,0.01431127012522361,0.25,79.0,Biosilk,2.9425,B0DRTQZR4T (Biosilk for Dogs Silk Therapy Irresistible Deodorizing & Conditioning Spray),[],True,True,True,True,Grooming,104.0,B0DRTQZR4T,2025-05-26,23.54,22.29,8.0,559.0,2.0
In Stock,ACTIVE,0.061,40.0,13.33,3.0,49.0,6.0,0.0,False,,4.3,20.0,13.35,0.02770083102493075,0.4,85.0,Biosilk,2.294,B0DRTQZR4T (Biosilk for Dogs Silk Therapy Irresistible Deodorizing & Conditioning Spray),[],True,True,True,True,Grooming,109.0,B0DRTQZR4T,2025-05-25,22.94,40.98,10.0,361.0,4.0
In Stock,ACTIVE,0.077,53.0,13.35,4.0,52.0,6.0,0.0,False,,4.3,20.0,13.35,0.01895734597156398,0.875,95.0,Biosilk,2.955,B0DRTQZR4T (Biosilk for Dogs Silk Therapy Irresistible Deodorizing & Conditioning Spray),[],True,True,True,True,Grooming,106.0,B0DRTQZR4T,2025-05-24,23.64,81.04,8.0,422.0,7.0
In Stock,ACTIVE,0.149,93.0,13.35,7.0,47.0,6.0,0.0,False,,4.3,20.0,13.36,0.00821917808219178,0.3333333333333333,93.0,Biosilk,2.3,B0DRTQZR4T (Biosilk for Dogs Silk Therapy Irresistible Deodorizing & Conditioning Spray),[],True,True,True,True,Grooming,110.0,B0DRTQZR4T,2025-05-23,13.8,22.27,6.0,730.0,2.0
In Stock,ACTIVE,0.049,27.0,13.36,2.0,41.0,6.0,0.0,False,,4.3,20.0,13.36,0.01408450704225352,0.07692307692307693,103.0,Biosilk,2.326923076923077,B0DRTQZR4T (Biosilk for Dogs Silk Therapy Irresistible Deodorizing & Conditioning Spray),[],True,True,True,True,Grooming,105.0,B0DRTQZR4T,2025-05-22,30.25,13.35,13.0,923.0,1.0
In Stock,ACTIVE,0.075,53.0,13.36,4.0,53.0,6.0,0.0,False,,4.3,20.0,13.37,0.00530035335689046,0.3333333333333333,107.0,Biosilk,3.306666666666667,B0DRTQZR4T (Biosilk for Dogs Silk Therapy Irresistible Deodorizing & Conditioning Spray),[],True,True,True,True,Grooming,108.0,B0DRTQZR4T,2025-05-21,9.92,13.36,3.0,566.0,1.0
In Stock,ACTIVE,0.029,27.0,13.37,2.0,69.0,6.0,0.0,False,,4.3,20.0,13.24,0.01415094339622642,0.3333333333333333,104.0,Biosilk,3.004444444444444,B0DRTQZR4T (Biosilk for Dogs Silk Therapy Irresistible Deodorizing & Conditioning Spray),[],True,True,True,True,Grooming,118.0,B0DRTQZR4T,2025-05-20,27.04,39.99,9.0,636.0,3.0
In Stock,ACTIVE,0.067,40.0,13.24,3.0,45.0,6.0,0.0,False,,4.2,19.0,13.24,0.0121580547112462,0.125,119.0,Biosilk,2.32375,B0DRTQZR4T (Biosilk for Dogs Silk Therapy Irresistible Deodorizing & Conditioning Spray),[],True,True,True,True,Grooming,109.0,B0DRTQZR4T,2025-05-19,18.59,13.24,8.0,658.0,1.0
In Stock,ACTIVE,0.079,67.0,13.39,5.0,63.0,6.0,0.0,False,,4.2,18.0,13.97,0.009363295880149813,0.2,117.0,Biosilk,2.472,B0DRTQZR4T (Biosilk for Dogs Silk Therapy Irresistible Deodorizing & Conditioning Spray),[],True,True,True,True,Grooming,117.0,B0DRTQZR4T,2025-05-18,12.36,13.24,5.0,534.0,1.0
In Stock,ACTIVE,0.015,14.0,13.97,1.0,68.0,6.0,0.0,False,,4.2,17.0,13.97,0.01529051987767584,0.4,113.0,Biosilk,2.918,B0DRTQZR4T (Biosilk for Dogs Silk Therapy Irresistible Deodorizing & Conditioning Spray),[],True,True,True,True,Grooming,104.0,B0DRTQZR4T,2025-05-17,14.59,22.91,5.0,327.0,2.0
In Stock,ACTIVE,0.021,14.0,13.97,1.0,48.0,6.0,0.0,False,,4.2,17.0,13.98,0.01631701631701632,0.2857142857142857,127.0,Biosilk,2.852857142857143,B0DRTQZR4T (Biosilk for Dogs Silk Therapy Irresistible Deodorizing & Conditioning Spray),[],True,True,True,True,Grooming,101.0,B0DRTQZR4T,2025-05-16,19.97,22.89,7.0,429.0,2.0
In Stock,ACTIVE,0.07400000000000001,56.0,13.98,4.0,54.0,6.0,0.0,False,,4.1,16.0,13.99,0.009615384615384616,0.3333333333333333,119.0,Biosilk,3.516666666666667,B0DRTQZR4T (Biosilk for Dogs Silk Therapy Irresistible Deodorizing & Conditioning Spray),[],True,True,True,True,Grooming,104.0,B0DRTQZR4T,2025-05-15,10.55,13.98,3.0,312.0,1.0
In Stock,ACTIVE,0.02,14.0,13.99,1.0,51.0,6.0,0.0,False,,4.2,15.0,13.99,0.01634472511144131,0.09090909090909091,144.0,Biosilk,4.211818181818182,B0DRTQZR4T (Biosilk for Dogs Silk Therapy Irresistible Deodorizing & Conditioning Spray),[],True,True,True,True,Grooming,100.0,B0DRTQZR4T,2025-05-14,46.33,13.99,11.0,673.0,1.0
In Stock,ACTIVE,0.047,28.0,13.89,2.0,43.0,6.0,0.0,False,,4.2,15.0,13.81,0.015,0.2222222222222222,108.0,Biosilk,3.295555555555556,B0DRTQZR4T (Biosilk for Dogs Silk Therapy Irresistible Deodorizing & Conditioning Spray),[],True,True,True,True,Grooming,100.0,B0DRTQZR4T,2025-05-13,29.66,27.79,9.0,600.0,2.0
In Stock,ACTIVE,0.07,41.0,13.81,3.0,43.0,6.0,0.0,False,,4.2,15.0,13.8,0.01523809523809524,0.25,102.0,Biosilk,2.71875,B0DRTQZR4T (Biosilk for Dogs Silk Therapy Irresistible Deodorizing & Conditioning Spray),[],True,True,True,True,Grooming,83.0,B0DRTQZR4T,2025-05-12,43.5,47.86,16.0,1050.0,4.0
In Stock,ACTIVE,0.058,41.0,13.8,3.0,52.0,6.0,0.0,False,,4.2,15.0,14.48,0.0142602495543672,0.25,78.0,Biosilk,2.83,B0DRTQZR4T (Biosilk for Dogs Silk Therapy Irresistible Deodorizing & Conditioning Spray),[],True,True,True,True,Grooming,107.0,B0DRTQZR4T,2025-05-11,22.64,17.73,8.0,561.0,2.0
In Stock,ACTIVE,0.09300000000000001,58.0,14.48,4.0,43.0,6.0,0.0,False,,4.2,15.0,14.5,0.022508038585209,0.2857142857142857,65.0,Biosilk,2.64,B0DRTQZR4T (Biosilk for Dogs Silk Therapy Irresistible Deodorizing & Conditioning Spray),[],True,True,True,True,Grooming,121.0,B0DRTQZR4T,2025-05-10,18.48,28.96,7.0,311.0,2.0
In Stock,ACTIVE,0.111,58.0,14.5,4.0,36.0,6.0,0.0,False,,4.2,15.0,14.51,0.0110062893081761,0.4285714285714285,147.0,Biosilk,4.188571428571429,B0DRTQZR4T (Biosilk for Dogs Silk Therapy Irresistible Deodorizing & Conditioning Spray),[],True,True,True,True,Grooming,112.0,B0DRTQZR4T,2025-05-09,29.32,36.9,7.0,636.0,3.0
In Stock,ACTIVE,0.032,15.0,14.51,1.0,31.0,6.0,0.0,False,,4.1,13.0,14.53,0.009523809523809525,0.0,170.0,Biosilk,3.145,B0DRTQZR4T (Biosilk for Dogs Silk Therapy Irresistible Deodorizing & Conditioning Spray),[],True,True,True,True,Grooming,115.0,B0DRTQZR4T,2025-05-08,12.58,0.0,4.0,420.0,0.0
In Stock,FD,,,,,,5.0,0.0,False,,4.0,96.0,7.97,,,260.0,Fisher Price,,B0DRTS4YW3 (Fisher Price: School Bus Rope Dog Toy),[],True,False,False,True,Dog Toys,,B0DRTS4YW3,2026-05-15,,,,,
In Stock,FD,,8.0,7.97,1.0,,5.0,0.0,False,,4.0,96.0,7.87,,,389.0,Fisher Price,,B0DRTS4YW3 (Fisher Price: School Bus Rope Dog Toy),[],True,False,False,True,Dog Toys,,B0DRTS4YW3,2026-05-14,,,,,
In Stock,FD,,16.0,7.87,2.0,,5.0,0.0,False,,4.0,96.0,7.84,,,411.0,Fisher Price,,B0DRTS4YW3 (Fisher Price: School Bus Rope Dog Toy),[],True,False,False,True,Dog Toys,,B0DRTS4YW3,2026-05-13,,,,,
In Stock,FD,,8.0,7.84,1.0,,5.0,0.0,False,,4.0,96.0,7.84,,,563.0,Fisher Price,,B0DRTS4YW3 (Fisher Price: School Bus Rope Dog Toy),[],True,False,False,True,Dog Toys,,B0DRTS4YW3,2026-05-12,,,,,
In Stock,FD,0.167,8.0,7.84,1.0,6.0,5.0,0.0,False,,4.0,96.0,7.84,,,470.0,Fisher Price,,B0DRTS4YW3 (Fisher Price: School Bus Rope Dog Toy),[],True,False,False,True,Dog Toys,72.0,B0DRTS4YW3,2026-05-11,,,,,
In Stock,FD,0.0,,,,1.0,5.0,0.0,False,,4.1,95.0,7.84,,,387.0,Fisher Price,,B0DRTS4YW3 (Fisher Price: School Bus Rope Dog Toy),[],True,False,False,True,Dog Toys,68.0,B0DRTS4YW3,2026-05-10,,,,,
In Stock,FD,0.333,8.0,7.83,1.0,3.0,5.0,0.0,False,,4.1,95.0,7.83,,,342.0,Fisher Price,,B0DRTS4YW3 (Fisher Price: School Bus Rope Dog Toy),[],True,False,False,True,Dog Toys,54.0,B0DRTS4YW3,2026-05-08,,,,,
In Stock,FD,0.0,,,,3.0,5.0,0.0,False,,4.1,95.0,7.66,,,381.0,Fisher Price,,B0DRTS4YW3 (Fisher Price: School Bus Rope Dog Toy),[],True,False,False,True,Dog Toys,54.0,B0DRTS4YW3,2026-05-04,,,,,
In Stock,FD,0.0,0.0,,0.0,2.0,5.0,0.0,False,,4.1,95.0,7.72,,,313.0,Fisher Price,,B0DRTS4YW3 (Fisher Price: School Bus Rope Dog Toy),[],True,False,False,True,Dog Toys,56.0,B0DRTS4YW3,2026-05-01,,,,,
In Stock,FD,0.143,8.0,7.79,1.0,7.0,5.0,0.0,False,,4.1,95.0,7.79,,,267.0,Fisher Price,,B0DRTS4YW3 (Fisher Price: School Bus Rope Dog Toy),[],True,False,False,True,Dog Toys,59.0,B0DRTS4YW3,2026-04-28,,,,,
In Stock,FD,0.5710000000000001,31.0,7.79,4.0,7.0,5.0,0.0,False,,4.1,95.0,7.79,,,704.0,Fisher Price,,B0DRTS4YW3 (Fisher Price: School Bus Rope Dog Toy),[],True,False,False,True,Dog Toys,61.0,B0DRTS4YW3,2026-04-27,,,,,
In Stock,FD,0.2,8.0,7.79,1.0,5.0,5.0,0.0,False,,4.1,95.0,7.79,,,662.0,Fisher Price,,B0DRTS4YW3 (Fisher Price: School Bus Rope Dog Toy),[],True,False,False,True,Dog Toys,64.0,B0DRTS4YW3,2026-04-26,,,,,
In Stock,FD,0.0,,,,3.0,5.0,0.0,False,,4.1,95.0,7.82,,,584.0,Fisher Price,,B0DRTS4YW3 (Fisher Price: School Bus Rope Dog Toy),[],True,False,False,True,Dog Toys,63.0,B0DRTS4YW3,2026-04-25,,,,,
In Stock,FD,0.0,,,,7.0,5.0,0.0,False,,4.1,95.0,7.82,,,479.0,Fisher Price,,B0DRTS4YW3 (Fisher Price: School Bus Rope Dog Toy),[],True,False,False,True,Dog Toys,63.0,B0DRTS4YW3,2026-04-24,,,,,
In Stock,FD,0.0,,,,4.0,5.0,0.0,False,,4.1,95.0,7.78,,,732.0,Fisher Price,,B0DRTS4YW3 (Fisher Price: School Bus Rope Dog Toy),[],True,False,False,True,Dog Toys,63.0,B0DRTS4YW3,2026-04-23,,,,,
In Stock,FD,0.167,8.0,7.78,1.0,6.0,5.0,0.0,False,,4.1,92.0,7.78,,,732.0,Fisher Price,,B0DRTS4YW3 (Fisher Price: School Bus Rope Dog Toy),[],True,False,False,True,Dog Toys,63.0,B0DRTS4YW3,2026-04-22,,,,,
In Stock,FD,0.0,,,,1.0,5.0,0.0,False,,4.1,92.0,7.99,,,729.0,Fisher Price,,B0DRTS4YW3 (Fisher Price: School Bus Rope Dog Toy),[],True,False,False,True,Dog Toys,64.0,B0DRTS4YW3,2026-04-21,,,,,
In Stock,FD,0.0,,,,2.0,5.0,0.0,False,,4.1,92.0,7.99,,,727.0,Fisher Price,,B0DRTS4YW3 (Fisher Price: School Bus Rope Dog Toy),[],True,False,False,True,Dog Toys,64.0,B0DRTS4YW3,2026-04-20,,,,,
In Stock,FD,0.0,,,,6.0,5.0,0.0,False,,4.1,92.0,7.99,,,719.0,Fisher Price,,B0DRTS4YW3 (Fisher Price: School Bus Rope Dog Toy),[],True,False,False,True,Dog Toys,64.0,B0DRTS4YW3,2026-04-19,,,,,
In Stock,FD,0.0,,,,3.0,5.0,0.0,False,,4.1,92.0,7.99,,,704.0,Fisher Price,,B0DRTS4YW3 (Fisher Price: School Bus Rope Dog Toy),[],True,False,False,True,Dog Toys,64.0,B0DRTS4YW3,2026-04-18,,,,,
In Stock,FD,0.0,,,,1.0,5.0,0.0,False,,4.1,92.0,7.99,,,694.0,Fisher Price,,B0DRTS4YW3 (Fisher Price: School Bus Rope Dog Toy),[],True,False,False,True,Dog Toys,64.0,B0DRTS4YW3,2026-04-17,,,,,
In Stock,FD,0.0,,,,3.0,5.0,0.0,False,,4.1,92.0,7.99,,,612.0,Fisher Price,,B0DRTS4YW3 (Fisher Price: School Bus Rope Dog Toy),[],True,False,False,True,Dog Toys,63.0,B0DRTS4YW3,2026-04-15,,,,,
In Stock,FD,0.0,,,,7.0,5.0,0.0,False,,4.1,92.0,8.64,,,574.0,Fisher Price,,B0DRTS4YW3 (Fisher Price: School Bus Rope Dog Toy),[],True,False,False,False,Dog Toys,63.0,B0DRTS4YW3,2026-04-14,,,,,
In Stock,FD,0.0,,,,4.0,5.0,0.0,False,,4.1,92.0,8.64,,,478.0,Fisher Price,,B0DRTS4YW3 (Fisher Price: School Bus Rope Dog Toy),[],True,False,True,False,Dog Toys,63.0,B0DRTS4YW3,2026-04-13,,,,,
In Stock,FD,0.0,0.0,,0.0,2.0,5.0,0.0,False,,4.1,92.0,8.64,,,384.0,Fisher Price,,B0DRTS4YW3 (Fisher Price: School Bus Rope Dog Toy),[],True,False,True,False,Dog Toys,65.0,B0DRTS4YW3,2026-04-12,,,,,
In Stock,FD,0.0,0.0,,0.0,4.0,5.0,0.0,False,,4.1,92.0,8.64,,,404.0,Fisher Price,,B0DRTS4YW3 (Fisher Price: School Bus Rope Dog Toy),[],True,False,True,False,Dog Toys,0.0,B0DRTS4YW3,2026-04-11,,,,,
In Stock,FD,0.333,9.0,8.64,1.0,3.0,5.0,0.0,False,,4.1,92.0,8.69,,,451.0,Fisher Price,,B0DRTS4YW3 (Fisher Price: School Bus Rope Dog Toy),[],True,False,True,False,Dog Toys,67.0,B0DRTS4YW3,2026-04-10,,,,,
In Stock,FD,0.5,8.0,7.99,1.0,2.0,5.0,0.0,False,,4.1,92.0,8.69,,,346.0,Fisher Price,,B0DRTS4YW3 (Fisher Price: School Bus Rope Dog Toy),[],True,False,True,False,Dog Toys,69.0,B0DRTS4YW3,2026-04-09,,,,,
In Stock,FD,0.0,,,,3.0,5.0,0.0,False,,4.1,92.0,8.68,,,613.0,Fisher Price,,B0DRTS4YW3 (Fisher Price: School Bus Rope Dog Toy),[],True,False,True,False,Dog Toys,69.0,B0DRTS4YW3,2026-04-08,,,,,
In Stock,FD,0.25,9.0,8.68,1.0,4.0,5.0,0.0,False,,4.1,92.0,8.68,,,573.0,Fisher Price,,B0DRTS4YW3 (Fisher Price: School Bus Rope Dog Toy),[],True,False,True,False,Dog Toys,69.0,B0DRTS4YW3,2026-04-07,,,,,
In Stock,FD,0.0,,,,4.0,5.0,0.0,False,,4.1,92.0,8.68,,,484.0,Fisher Price,,B0DRTS4YW3 (Fisher Price: School Bus Rope Dog Toy),[],True,False,True,False,Dog Toys,70.0,B0DRTS4YW3,2026-04-06,,,,,
In Stock,FD,0.0,,,,3.0,5.0,0.0,False,,4.1,92.0,8.68,,,407.0,Fisher Price,,B0DRTS4YW3 (Fisher Price: School Bus Rope Dog Toy),[],True,False,True,False,Dog Toys,70.0,B0DRTS4YW3,2026-04-05,,,,,
In Stock,FD,0.0,,,,2.0,5.0,0.0,False,,4.1,92.0,8.68,,,497.0,Fisher Price,,B0DRTS4YW3 (Fisher Price: School Bus Rope Dog Toy),[],True,False,True,False,Dog Toys,70.0,B0DRTS4YW3,2026-04-04,,,,,
In Stock,FD,0.5,9.0,8.68,1.0,2.0,5.0,0.0,False,,4.1,92.0,8.76,,,406.0,Fisher Price,,B0DRTS4YW3 (Fisher Price: School Bus Rope Dog Toy),[],True,False,True,False,Dog Toys,69.0,B0DRTS4YW3,2026-04-03,,,,,
In Stock,FD,0.0,,,,5.0,5.0,0.0,False,,4.1,92.0,8.76,,,307.0,Fisher Price,,B0DRTS4YW3 (Fisher Price: School Bus Rope Dog Toy),[],True,False,True,False,Dog Toys,70.0,B0DRTS4YW3,2026-04-02,,,,,
In Stock,FD,0.0,0.0,,0.0,5.0,5.0,0.0,False,,4.1,92.0,8.64,,,391.0,Fisher Price,,B0DRTS4YW3 (Fisher Price: School Bus Rope Dog Toy),[],True,False,True,False,Dog Toys,70.0,B0DRTS4YW3,2026-04-01,,,,,
In Stock,FD,2.0,17.0,8.64,2.0,1.0,5.0,0.0,False,,4.1,92.0,8.64,,,411.0,Fisher Price,,B0DRTS4YW3 (Fisher Price: School Bus Rope Dog Toy),[],True,False,True,False,Dog Toys,73.0,B0DRTS4YW3,2026-03-31,,,,,
In Stock,FD,0.2,9.0,8.62,1.0,5.0,5.0,0.0,False,,4.1,91.0,8.62,,,497.0,Fisher Price,,B0DRTS4YW3 (Fisher Price: School Bus Rope Dog Toy),[],True,False,True,False,Dog Toys,73.0,B0DRTS4YW3,2026-03-30,,,,,
In Stock,FD,0.333,9.0,8.62,1.0,3.0,5.0,0.0,False,,4.1,91.0,8.62,,,378.0,Fisher Price,,B0DRTS4YW3 (Fisher Price: School Bus Rope Dog Toy),[],True,False,True,False,Dog Toys,73.0,B0DRTS4YW3,2026-03-29,,,,,
In Stock,FD,0.0,0.0,,0.0,5.0,5.0,0.0,False,,4.1,91.0,8.63,,,315.0,Fisher Price,,B0DRTS4YW3 (Fisher Price: School Bus Rope Dog Toy),[],True,False,True,False,Dog Toys,72.0,B0DRTS4YW3,2026-03-28,,,,,
In Stock,FD,0.0,0.0,,0.0,1.0,5.0,0.0,False,,4.1,91.0,8.62,,,285.0,Fisher Price,,B0DRTS4YW3 (Fisher Price: School Bus Rope Dog Toy),[],True,False,True,False,Dog Toys,73.0,B0DRTS4YW3,2026-03-27,,,,,
In Stock,FD,0.333,9.0,8.62,1.0,3.0,5.0,0.0,False,,4.1,91.0,8.62,,,240.0,Fisher Price,,B0DRTS4YW3 (Fisher Price: School Bus Rope Dog Toy),[],True,False,True,False,Dog Toys,73.0,B0DRTS4YW3,2026-03-26,,,,,
In Stock,FD,0.182,17.0,8.61,2.0,11.0,5.0,0.0,False,,4.1,91.0,8.6,,,421.0,Fisher Price,,B0DRTS4YW3 (Fisher Price: School Bus Rope Dog Toy),[],True,False,True,False,Dog Toys,73.0,B0DRTS4YW3,2026-03-25,,,,,
In Stock,FD,0.375,26.0,8.61,3.0,8.0,5.0,0.0,False,,4.1,91.0,8.61,,,513.0,Fisher Price,,B0DRTS4YW3 (Fisher Price: School Bus Rope Dog Toy),[],True,False,True,False,Dog Toys,77.0,B0DRTS4YW3,2026-03-24,,,,,
